// Jest Snapshot v1, https://goo.gl/fbAQLP

exports[`SetWorkspaceDateModalComponent ngOnInit Test should update the html template and set modal header and update date 1`] = `
<aux-modal>
  <div
    class="workspace-date-modal-size content-container"
    slot="content"
  >
    <div
      class="pre-text"
    >
      Apply a new date to all portfolios in this workspace
    </div>
    <div>
      <explore-core-date-picker />
    </div>
  </div>
  <div
    class="custom-footer-container--two-buttons"
    slot="custom-footer"
  >
    <aux-button
      class="custom-footer--primary-button"
    />
    <aux-button />
  </div>
</aux-modal>
`;
